============================= test session starts =============================
platform win32 -- Python 3.14.2, pytest-8.3.4, pluggy-1.6.0 -- C:\Users\muhammad\Electricity Token Internediary System\backend\venv\Scripts\python.exe
cachedir: .pytest_cache
django: version: 5.1.4, settings: config.settings.development (from env)
rootdir: C:\Users\muhammad\Electricity Token Internediary System\backend
configfile: pytest.ini
plugins: anyio-4.12.1, Faker-33.3.0, cov-6.0.0, django-4.9.0
collecting ... collected 78 items

